19:49:20 **** Incremental Build of configuration Debug for project lcd_I2c ****
make -j16 all 
arm-none-eabi-gcc "../Core/Src/app.c" -mcpu=cortex-m4 -std=gnu11 -g3 -DDEBUG -DUSE_HAL_DRIVER -DSTM32F429xx -c -I../Core/Inc -I../Drivers/STM32F4xx_HAL_Driver/Inc -I../Drivers/STM32F4xx_HAL_Driver/Inc/Legacy -I../Middlewares/Third_Party/FreeRTOS/Source/include -I../Middlewares/Third_Party/FreeRTOS/Source/CMSIS_RTOS_V2 -I../Middlewares/Third_Party/FreeRTOS/Source/portable/GCC/ARM_CM4F -I../Drivers/CMSIS/Device/ST/STM32F4xx/Include -I../Drivers/CMSIS/Include -O0 -ffunction-sections -fdata-sections -Wall -fstack-usage -fcyclomatic-complexity -MMD -MP -MF"Core/Src/app.d" -MT"Core/Src/app.o" --specs=nano.specs -mfpu=fpv4-sp-d16 -mfloat-abi=hard -mthumb -o "Core/Src/app.o"
arm-none-eabi-gcc -o "lcd_I2c.elf" @"objects.list"   -mcpu=cortex-m4 -T"C:\Users\User\Desktop\stm32\lcd_I2c\STM32F429ZITX_FLASH.ld" --specs=nosys.specs -Wl,-Map="lcd_I2c.map" -Wl,--gc-sections -static --specs=nano.specs -mfpu=fpv4-sp-d16 -mfloat-abi=hard -mthumb -Wl,--start-group -lc -lm -Wl,--end-group
Finished building target: lcd_I2c.elf
 
arm-none-eabi-size   lcd_I2c.elf 
arm-none-eabi-objdump -h -S  lcd_I2c.elf  > "lcd_I2c.list"
   text	   data	    bss	    dec	    hex	filename
  36508	    116	  24372	  60996	   ee44	lcd_I2c.elf
Finished building: default.size.stdout
 
Finished building: lcd_I2c.list
 

19:49:22 Build Finished. 0 errors, 0 warnings. (took 1s.470ms)

