19:03:50 **** Incremental Build of configuration Debug for project uart_cli ****
make -j16 all 
arm-none-eabi-gcc "../Core/Src/cli.c" -mcpu=cortex-m4 -std=gnu11 -g3 -DDEBUG -DUSE_HAL_DRIVER -DSTM32F429xx -c -I../Core/Inc -I../Drivers/STM32F4xx_HAL_Driver/Inc -I../Drivers/STM32F4xx_HAL_Driver/Inc/Legacy -I../Drivers/CMSIS/Device/ST/STM32F4xx/Include -I../Drivers/CMSIS/Include -O0 -ffunction-sections -fdata-sections -Wall -fstack-usage -fcyclomatic-complexity -MMD -MP -MF"Core/Src/cli.d" -MT"Core/Src/cli.o" --specs=nano.specs -mfpu=fpv4-sp-d16 -mfloat-abi=hard -mthumb -o "Core/Src/cli.o"
arm-none-eabi-gcc -o "uart_cli.elf" @"objects.list"   -mcpu=cortex-m4 -T"C:\Users\User\Desktop\stm32\uart_cli\STM32F429ZITX_FLASH.ld" --specs=nosys.specs -Wl,-Map="uart_cli.map" -Wl,--gc-sections -static --specs=nano.specs -mfpu=fpv4-sp-d16 -mfloat-abi=hard -mthumb -Wl,--start-group -lc -lm -Wl,--end-group
Finished building target: uart_cli.elf
 
arm-none-eabi-size   uart_cli.elf 
arm-none-eabi-objdump -h -S  uart_cli.elf  > "uart_cli.list"
   text	   data	    bss	    dec	    hex	filename
  26892	    112	   4112	  31116	   798c	uart_cli.elf
Finished building: default.size.stdout
 
Finished building: uart_cli.list
 

19:03:52 Build Finished. 0 errors, 0 warnings. (took 1s.565ms)

