../Core/Src/main.c:96:5:main	8	static
../Core/Src/main.c:180:6:SystemClock_Config	88	static
../Core/Src/main.c:226:13:MX_ETH_Init	8	static
../Core/Src/main.c:275:13:MX_TIM3_Init	64	static
../Core/Src/main.c:334:13:MX_USART2_UART_Init	8	static
../Core/Src/main.c:367:13:MX_USART3_UART_Init	8	static
../Core/Src/main.c:400:13:MX_USB_OTG_FS_PCD_Init	8	static
../Core/Src/main.c:433:13:MX_DMA_Init	16	static
../Core/Src/main.c:454:13:MX_GPIO_Init	56	static
../Core/Src/main.c:531:6:StartDefaultTask	16	static
../Core/Src/main.c:546:6:Error_Handler	4	static,ignoring_inline_asm
